app/api/auth/route.ts(5,20): error TS7016: Could not find a declaration file for module 'bcryptjs'. 'E:/new-web/Sikura-Web/node_modules/bcryptjs/index.js' implicitly has an 'any' type.
  Try `npm i --save-dev @types/bcryptjs` if it exists or add a new declaration (.d.ts) file containing `declare module 'bcryptjs';`
app/api/test/auth/route.ts(4,20): error TS7016: Could not find a declaration file for module 'bcryptjs'. 'E:/new-web/Sikura-Web/node_modules/bcryptjs/index.js' implicitly has an 'any' type.
  Try `npm i --save-dev @types/bcryptjs` if it exists or add a new declaration (.d.ts) file containing `declare module 'bcryptjs';`
lib/auth.ts(1,17): error TS7016: Could not find a declaration file for module 'jsonwebtoken'. 'E:/new-web/Sikura-Web/node_modules/jsonwebtoken/index.js' implicitly has an 'any' type.
  Try `npm i --save-dev @types/jsonwebtoken` if it exists or add a new declaration (.d.ts) file containing `declare module 'jsonwebtoken';`
lib/mongoose.ts(36,38): error TS2345: Argument of type 'string | undefined' is not assignable to parameter of type 'string'.
  Type 'undefined' is not assignable to type 'string'.
